// Jest Snapshot v1, https://goo.gl/fbAQLP

exports[`Container component should match snapshot 1`] = `
<DocumentFragment>
  <div
    class="sc-bdVaJa iWgDvT"
  />
</DocumentFragment>
`;
