// Jest Snapshot v1, https://goo.gl/fbAQLP

exports[`DarksideTheme component should match snapshot 1`] = `
<DocumentFragment>
  <p>
    Test
  </p>
</DocumentFragment>
`;
