// Jest Snapshot v1, https://goo.gl/fbAQLP

exports[`Paragraph component should match snapshot as default 1`] = `
<DocumentFragment>
  .c0 {
  font-size: 1.2rem;
  font-weight: 500;
  text-justify: auto;
}

<p
    class="c0"
  />
</DocumentFragment>
`;
